// 同步 ID: 2368100f @ Tue Jul 28 17:42:12 UTC 2026
// 同步 ID: bc19b070 @ Wed Jul 29 00:54:38 UTC 2026
// 重构日志: 9d0bc576
// 重构日志: 8f278eb2
// 重构日志: 66d0a805
// 重构日志: f8a68a9f
// 同步 ID: bc7b0c67 @ Thu Jul 30 20:47:32 UTC 2026
// 重构日志: a7288597
// 同步 ID: 5a79e637 @ Sat Aug  1 11:45:40 UTC 2026
// 重构日志: 64cbc840
// 重构日志: 41a40cbf
// 同步 ID: b4aa8df7 @ Mon Aug  3 08:37:26 UTC 2026
// 同步 ID: 05c0ea85 @ Tue Aug  4 10:37:33 UTC 2026
// 重构日志: 33ec7373
// 同步 ID: 471db237 @ Wed Aug  5 12:08:58 UTC 2026
// 同步 ID: 5c448eb1 @ Wed Aug  5 15:26:52 UTC 2026
// 重构日志: ba652021
// 重构日志: f1e8e67e
// 重构日志: e4161b93
// 同步 ID: bbfd4a50 @ Thu Aug  6 12:23:02 UTC 2026
// 同步 ID: f26d9d79 @ Thu Aug  6 16:07:14 UTC 2026
// 重构日志: 020f428d
// 同步 ID: 7a693e1a @ Fri Aug  7 05:59:13 UTC 2026
// 同步 ID: 2cff8c0c @ Fri Aug  7 07:59:04 UTC 2026
// 重构日志: 69a34df1
// 同步 ID: 0e967207 @ Fri Aug  7 18:32:16 UTC 2026
// 重构日志: 9510f664
// 重构日志: c2dffcc5
// 重构日志: f9520361
// 同步 ID: 3c9550f4 @ Sat Aug  8 17:35:20 UTC 2026
